[1;34m.--------[0;34m-[1m--[0;34m-[1m-[0;34m---------------------------------------[1;37miCHAT[0;34m- [1;35m\[0;35m/ [34m-[35mopicron[34m- --- ---- --------  ---- ---------------------------------. [1m| channel [30m:[99C[[0m/[1mH[30m] [0mhelp [1;30m[[0m/[1mQ[30m] [0mexit [34m| [1m:   [35mtopic [30m:[119C[34m: [0;34m`----------------------------------------------------------------------------------- [1;35m\[0;35m/ [34m----------------------------[1m-[0;34m-[1m--[0;34m-[1m---[0;34m-[1m-----'  
 
 
 
 
 
 
 
 
 
 
 
 
 
 
 
 
 
 
 
 
 
 
 
 
 
 
 
 
 
[0;34m.---------------------------------------------------------------------------------------------------------------------------------..